== 1. Java (ORDS requiere 17 o 21) ==
openjdk version "25.0.4.1" 2026-08-18
== 2. Programa ORDS en /opt/oracle/ords ==

ORDS: versión 26.3 Producción del jue oct 01 08:39:09 2026

Copyright (c) 2010, 2026, Oracle.

Configuración:
  /etc/ords/config

Oracle REST Data Services 26.3.0.r2711507
== 3. Instalacion en FREEPDB1 (no interactiva) ==

ORDS: versión 26.3 Producción del jue oct 01 08:39:11 2026

Copyright (c) 2010, 2026, Oracle.

Configuración:
  /etc/ords/config

Oracle REST Data Services - Instalación no interactiva

Recuperando información.
El valor llamado: db.connectionType se ha definido en: basic en la configuración: default
El valor llamado: db.hostname se ha definido en: localhost en la configuración: default
El valor llamado: db.port se ha definido en: 1521 en la configuración: default
El valor llamado: db.servicename se ha definido en: FREEPDB1 en la configuración: default
El valor llamado: db.username se ha definido en: ORDS_PUBLIC_USER en la configuración: default
El valor llamado: db.password se ha definido en: ****** en la configuración: default
El valor llamado: feature.sdw se ha definido en: true en la configuración: default
El valor global llamado: database.api.enabled se ha definido en: true
El valor llamado: restEnabledSql.active se ha definido en: true en la configuración: default
El valor llamado: security.requestValidationFunction se ha definido en: ords_util.authorize_plsql_gateway en la configuración: default
== 4. Puerto HTTP del modo standalone ==

ORDS: versión 26.3 Producción del jue oct 01 08:39:27 2026

Copyright (c) 2010, 2026, Oracle.

Configuración:
  /etc/ords/config

El valor global llamado: standalone.http.port se ha definido en: 8080
